
Discarded input sections

 .group         0x0000000000000000        0xc /tmp/ccudLik5.o
 .group         0x0000000000000000        0xc /tmp/ccudLik5.o
 .group         0x0000000000000000        0xc /tmp/ccudLik5.o
 .group         0x0000000000000000        0xc /tmp/ccudLik5.o
 .group         0x0000000000000000        0xc /tmp/ccudLik5.o
 .group         0x0000000000000000        0xc /tmp/ccudLik5.o
 .group         0x0000000000000000        0xc /tmp/ccudLik5.o
 .group         0x0000000000000000        0xc /tmp/ccudLik5.o
 .text          0x0000000000000000        0x0 /tmp/ccudLik5.o
 .data          0x0000000000000000        0x0 /tmp/ccudLik5.o
 .bss           0x0000000000000000        0x0 /tmp/ccudLik5.o
 .group         0x0000000000000000        0xc /tmp/ccr672mg.o
 .group         0x0000000000000000        0xc /tmp/ccr672mg.o
 .group         0x0000000000000000        0xc /tmp/ccr672mg.o
 .group         0x0000000000000000        0xc /tmp/ccr672mg.o
 .group         0x0000000000000000        0xc /tmp/ccr672mg.o
 .group         0x0000000000000000        0xc /tmp/ccr672mg.o
 .group         0x0000000000000000        0xc /tmp/ccr672mg.o
 .text          0x0000000000000000        0x0 /tmp/ccr672mg.o
 .data          0x0000000000000000        0x0 /tmp/ccr672mg.o
 .bss           0x0000000000000000        0x0 /tmp/ccr672mg.o
 .debug_macro   0x0000000000000000      0xa66 /tmp/ccr672mg.o
 .debug_macro   0x0000000000000000       0x22 /tmp/ccr672mg.o
 .debug_macro   0x0000000000000000       0x8e /tmp/ccr672mg.o
 .debug_macro   0x0000000000000000       0x51 /tmp/ccr672mg.o
 .debug_macro   0x0000000000000000      0x103 /tmp/ccr672mg.o
 .debug_macro   0x0000000000000000       0x6a /tmp/ccr672mg.o
 .debug_macro   0x0000000000000000      0x1df /tmp/ccr672mg.o
 .group         0x0000000000000000        0xc /tmp/ccm0uYkE.o
 .group         0x0000000000000000        0xc /tmp/ccm0uYkE.o
 .group         0x0000000000000000        0xc /tmp/ccm0uYkE.o
 .group         0x0000000000000000        0xc /tmp/ccm0uYkE.o
 .group         0x0000000000000000        0xc /tmp/ccm0uYkE.o
 .group         0x0000000000000000        0xc /tmp/ccm0uYkE.o
 .group         0x0000000000000000        0xc /tmp/ccm0uYkE.o
 .text          0x0000000000000000        0x0 /tmp/ccm0uYkE.o
 .data          0x0000000000000000        0x0 /tmp/ccm0uYkE.o
 .bss           0x0000000000000000        0x0 /tmp/ccm0uYkE.o
 .debug_macro   0x0000000000000000      0xa66 /tmp/ccm0uYkE.o
 .debug_macro   0x0000000000000000       0x22 /tmp/ccm0uYkE.o
 .debug_macro   0x0000000000000000       0x8e /tmp/ccm0uYkE.o
 .debug_macro   0x0000000000000000       0x51 /tmp/ccm0uYkE.o
 .debug_macro   0x0000000000000000      0x103 /tmp/ccm0uYkE.o
 .debug_macro   0x0000000000000000       0x6a /tmp/ccm0uYkE.o
 .debug_macro   0x0000000000000000      0x1df /tmp/ccm0uYkE.o

Memory Configuration

Name             Origin             Length             Attributes
flash            0x0000000008000000 0x0000000000020000 xr
sram             0x0000000020000000 0x0000000000008000 xrw
*default*        0x0000000000000000 0xffffffffffffffff

Linker script and memory map

LOAD /tmp/ccudLik5.o
LOAD /tmp/ccr672mg.o
LOAD /tmp/ccm0uYkE.o
LOAD /home/shelbuntu/gcc-arm-none-eabi-10.3-2021.10/bin/../lib/gcc/arm-none-eabi/10.3.1/../../../../arm-none-eabi/lib/thumb/v7e-m+fp/hard/libc_nano.a
LOAD /home/shelbuntu/gcc-arm-none-eabi-10.3-2021.10/bin/../lib/gcc/arm-none-eabi/10.3.1/thumb/v7e-m+fp/hard/libgcc.a
                0x0000000020008000                _estack = (ORIGIN (sram) + LENGTH (sram))

.vectors        0x0000000008000000      0x1ac
 *(.vectors)
 .vectors       0x0000000008000000      0x1ac /tmp/ccr672mg.o
                0x0000000008000000                tab

.text           0x00000000080001ac      0x160
 *(.text*)
 .text.main     0x00000000080001ac       0x6c /tmp/ccudLik5.o
                0x00000000080001ac                main
 .text._reset   0x0000000008000218       0x44 /tmp/ccr672mg.o
                0x0000000008000218                _reset
 .text.SysTick_Handler
                0x000000000800025c       0x1c /tmp/ccm0uYkE.o
                0x000000000800025c                SysTick_Handler
 .text.sysTick_Init
                0x0000000008000278       0x64 /tmp/ccm0uYkE.o
                0x0000000008000278                sysTick_Init
 .text.delay_ms
                0x00000000080002dc       0x30 /tmp/ccm0uYkE.o
                0x00000000080002dc                delay_ms

.glue_7         0x000000000800030c        0x0
 .glue_7        0x000000000800030c        0x0 linker stubs

.glue_7t        0x000000000800030c        0x0
 .glue_7t       0x000000000800030c        0x0 linker stubs

.vfp11_veneer   0x000000000800030c        0x0
 .vfp11_veneer  0x000000000800030c        0x0 linker stubs

.v4_bx          0x000000000800030c        0x0
 .v4_bx         0x000000000800030c        0x0 linker stubs

.iplt           0x000000000800030c        0x0
 .iplt          0x000000000800030c        0x0 /tmp/ccudLik5.o

.rel.dyn        0x000000000800030c        0x0
 .rel.iplt      0x000000000800030c        0x0 /tmp/ccudLik5.o

.rodata
 *(.rodata*)

.data           0x0000000020000000        0x0 load address 0x000000000800030c
                0x0000000020000000                _sdata = .
 *(.first_data)
 *(.data SORT_BY_NAME(.data.*))
                0x0000000020000000                _edata = .
                0x000000000800030c                _sidata = LOADADDR (.data)

.igot.plt       0x0000000020000000        0x0 load address 0x000000000800030c
 .igot.plt      0x0000000020000000        0x0 /tmp/ccudLik5.o

.bss            0x0000000020000000        0x4 load address 0x000000000800030c
                0x0000000020000000                _sbss = .
 *(.bss SORT_BY_NAME(.bss.*) COMMON)
 .bss.system_tick
                0x0000000020000000        0x4 /tmp/ccm0uYkE.o
                0x0000000020000000                system_tick
                0x0000000020000004                _ebss = .
                0x0000000020000008                . = ALIGN (0x8)
                0x0000000020000008                _end = .
OUTPUT(build/firmware.elf elf32-littlearm)
LOAD linker stubs

.debug_info     0x0000000000000000      0x306
 .debug_info    0x0000000000000000       0x86 /tmp/ccudLik5.o
 .debug_info    0x0000000000000086      0x162 /tmp/ccr672mg.o
 .debug_info    0x00000000000001e8      0x11e /tmp/ccm0uYkE.o

.debug_abbrev   0x0000000000000000      0x1f5
 .debug_abbrev  0x0000000000000000       0x49 /tmp/ccudLik5.o
 .debug_abbrev  0x0000000000000049       0xcf /tmp/ccr672mg.o
 .debug_abbrev  0x0000000000000118       0xdd /tmp/ccm0uYkE.o

.debug_aranges  0x0000000000000000       0x70
 .debug_aranges
                0x0000000000000000       0x20 /tmp/ccudLik5.o
 .debug_aranges
                0x0000000000000020       0x20 /tmp/ccr672mg.o
 .debug_aranges
                0x0000000000000040       0x30 /tmp/ccm0uYkE.o

.debug_ranges   0x0000000000000000       0x40
 .debug_ranges  0x0000000000000000       0x10 /tmp/ccudLik5.o
 .debug_ranges  0x0000000000000010       0x10 /tmp/ccr672mg.o
 .debug_ranges  0x0000000000000020       0x20 /tmp/ccm0uYkE.o

.debug_macro    0x0000000000000000     0x1069
 .debug_macro   0x0000000000000000       0x9a /tmp/ccudLik5.o
 .debug_macro   0x000000000000009a      0xa66 /tmp/ccudLik5.o
 .debug_macro   0x0000000000000b00       0x22 /tmp/ccudLik5.o
 .debug_macro   0x0000000000000b22       0x8e /tmp/ccudLik5.o
 .debug_macro   0x0000000000000bb0       0x51 /tmp/ccudLik5.o
 .debug_macro   0x0000000000000c01      0x103 /tmp/ccudLik5.o
 .debug_macro   0x0000000000000d04       0x6a /tmp/ccudLik5.o
 .debug_macro   0x0000000000000d6e      0x1df /tmp/ccudLik5.o
 .debug_macro   0x0000000000000f4d       0x22 /tmp/ccudLik5.o
 .debug_macro   0x0000000000000f6f       0x63 /tmp/ccr672mg.o
 .debug_macro   0x0000000000000fd2       0x97 /tmp/ccm0uYkE.o

.debug_line     0x0000000000000000      0x69f
 .debug_line    0x0000000000000000      0x227 /tmp/ccudLik5.o
 .debug_line    0x0000000000000227      0x227 /tmp/ccr672mg.o
 .debug_line    0x000000000000044e      0x251 /tmp/ccm0uYkE.o

.debug_str      0x0000000000000000     0x3d3c
 .debug_str     0x0000000000000000     0x3b99 /tmp/ccudLik5.o
                                       0x3cf4 (size before relaxing)
 .debug_str     0x0000000000003b99       0x4d /tmp/ccr672mg.o
                                       0x3bf9 (size before relaxing)
 .debug_str     0x0000000000003be6      0x156 /tmp/ccm0uYkE.o
                                       0x3d18 (size before relaxing)

.comment        0x0000000000000000       0x49
 .comment       0x0000000000000000       0x49 /tmp/ccudLik5.o
                                         0x4a (size before relaxing)
 .comment       0x0000000000000049       0x4a /tmp/ccr672mg.o
 .comment       0x0000000000000049       0x4a /tmp/ccm0uYkE.o

.ARM.attributes
                0x0000000000000000       0x34
 .ARM.attributes
                0x0000000000000000       0x34 /tmp/ccudLik5.o
 .ARM.attributes
                0x0000000000000034       0x34 /tmp/ccr672mg.o
 .ARM.attributes
                0x0000000000000068       0x34 /tmp/ccm0uYkE.o

.debug_frame    0x0000000000000000       0xcc
 .debug_frame   0x0000000000000000       0x2c /tmp/ccudLik5.o
 .debug_frame   0x000000000000002c       0x20 /tmp/ccr672mg.o
 .debug_frame   0x000000000000004c       0x80 /tmp/ccm0uYkE.o
