
Discarded input sections

 .group         0x0000000000000000        0xc /tmp/cc7rtzK1.o
 .group         0x0000000000000000        0xc /tmp/cc7rtzK1.o
 .group         0x0000000000000000        0xc /tmp/cc7rtzK1.o
 .group         0x0000000000000000        0xc /tmp/cc7rtzK1.o
 .group         0x0000000000000000        0xc /tmp/cc7rtzK1.o
 .group         0x0000000000000000        0xc /tmp/cc7rtzK1.o
 .group         0x0000000000000000        0xc /tmp/cc7rtzK1.o
 .group         0x0000000000000000        0xc /tmp/cc7rtzK1.o
 .text          0x0000000000000000        0x0 /tmp/cc7rtzK1.o
 .data          0x0000000000000000        0x0 /tmp/cc7rtzK1.o
 .bss           0x0000000000000000        0x0 /tmp/cc7rtzK1.o
 .text.init_TIM6
                0x0000000000000000       0x68 /tmp/cc7rtzK1.o
 .text.init_led
                0x0000000000000000       0x3c /tmp/cc7rtzK1.o
 .group         0x0000000000000000        0xc /tmp/ccCuAKpV.o
 .group         0x0000000000000000        0xc /tmp/ccCuAKpV.o
 .group         0x0000000000000000        0xc /tmp/ccCuAKpV.o
 .group         0x0000000000000000        0xc /tmp/ccCuAKpV.o
 .group         0x0000000000000000        0xc /tmp/ccCuAKpV.o
 .group         0x0000000000000000        0xc /tmp/ccCuAKpV.o
 .group         0x0000000000000000        0xc /tmp/ccCuAKpV.o
 .text          0x0000000000000000        0x0 /tmp/ccCuAKpV.o
 .data          0x0000000000000000        0x0 /tmp/ccCuAKpV.o
 .bss           0x0000000000000000        0x0 /tmp/ccCuAKpV.o
 .debug_macro   0x0000000000000000      0xa6c /tmp/ccCuAKpV.o
 .debug_macro   0x0000000000000000       0x22 /tmp/ccCuAKpV.o
 .debug_macro   0x0000000000000000       0x8e /tmp/ccCuAKpV.o
 .debug_macro   0x0000000000000000       0x51 /tmp/ccCuAKpV.o
 .debug_macro   0x0000000000000000      0x103 /tmp/ccCuAKpV.o
 .debug_macro   0x0000000000000000       0x6a /tmp/ccCuAKpV.o
 .debug_macro   0x0000000000000000      0x1df /tmp/ccCuAKpV.o
 .group         0x0000000000000000        0xc /tmp/ccEpq7pY.o
 .group         0x0000000000000000        0xc /tmp/ccEpq7pY.o
 .group         0x0000000000000000        0xc /tmp/ccEpq7pY.o
 .group         0x0000000000000000        0xc /tmp/ccEpq7pY.o
 .group         0x0000000000000000        0xc /tmp/ccEpq7pY.o
 .group         0x0000000000000000        0xc /tmp/ccEpq7pY.o
 .group         0x0000000000000000        0xc /tmp/ccEpq7pY.o
 .text          0x0000000000000000        0x0 /tmp/ccEpq7pY.o
 .data          0x0000000000000000        0x0 /tmp/ccEpq7pY.o
 .bss           0x0000000000000000        0x0 /tmp/ccEpq7pY.o
 .text.sysTick_Init
                0x0000000000000000       0x64 /tmp/ccEpq7pY.o
 .text.delay_ms
                0x0000000000000000       0x30 /tmp/ccEpq7pY.o
 .debug_macro   0x0000000000000000      0xa6c /tmp/ccEpq7pY.o
 .debug_macro   0x0000000000000000       0x22 /tmp/ccEpq7pY.o
 .debug_macro   0x0000000000000000       0x8e /tmp/ccEpq7pY.o
 .debug_macro   0x0000000000000000       0x51 /tmp/ccEpq7pY.o
 .debug_macro   0x0000000000000000      0x103 /tmp/ccEpq7pY.o
 .debug_macro   0x0000000000000000       0x6a /tmp/ccEpq7pY.o
 .debug_macro   0x0000000000000000      0x1df /tmp/ccEpq7pY.o

Memory Configuration

Name             Origin             Length             Attributes
flash            0x0000000008000000 0x0000000000020000 xr
sram             0x0000000020000000 0x0000000000008000 xrw
*default*        0x0000000000000000 0xffffffffffffffff

Linker script and memory map

LOAD /tmp/cc7rtzK1.o
LOAD /tmp/ccCuAKpV.o
LOAD /tmp/ccEpq7pY.o
LOAD /home/shelbuntu/gcc-arm-none-eabi-10.3-2021.10/bin/../lib/gcc/arm-none-eabi/10.3.1/../../../../arm-none-eabi/lib/thumb/v7e-m+fp/hard/libc_nano.a
LOAD /home/shelbuntu/gcc-arm-none-eabi-10.3-2021.10/bin/../lib/gcc/arm-none-eabi/10.3.1/thumb/v7e-m+fp/hard/libgcc.a
                0x0000000020008000                _estack = (ORIGIN (sram) + LENGTH (sram))

.vectors        0x0000000008000000      0x1ac
 *(.vectors)
 .vectors       0x0000000008000000      0x1ac /tmp/ccCuAKpV.o
                0x0000000008000000                tab

.text           0x00000000080001ac      0x190
 *(.text*)
 .text.TIM6_DAC_IRQHandler
                0x00000000080001ac       0x3c /tmp/cc7rtzK1.o
                0x00000000080001ac                TIM6_DAC_IRQHandler
 .text.init_PWM_PA8
                0x00000000080001e8       0xe8 /tmp/cc7rtzK1.o
                0x00000000080001e8                init_PWM_PA8
 .text.main     0x00000000080002d0        0xa /tmp/cc7rtzK1.o
                0x00000000080002d0                main
 *fill*         0x00000000080002da        0x2 
 .text._reset   0x00000000080002dc       0x44 /tmp/ccCuAKpV.o
                0x00000000080002dc                _reset
 .text.SysTick_Handler
                0x0000000008000320       0x1c /tmp/ccEpq7pY.o
                0x0000000008000320                SysTick_Handler

.glue_7         0x000000000800033c        0x0
 .glue_7        0x000000000800033c        0x0 linker stubs

.glue_7t        0x000000000800033c        0x0
 .glue_7t       0x000000000800033c        0x0 linker stubs

.vfp11_veneer   0x000000000800033c        0x0
 .vfp11_veneer  0x000000000800033c        0x0 linker stubs

.v4_bx          0x000000000800033c        0x0
 .v4_bx         0x000000000800033c        0x0 linker stubs

.iplt           0x000000000800033c        0x0
 .iplt          0x000000000800033c        0x0 /tmp/cc7rtzK1.o

.rel.dyn        0x000000000800033c        0x0
 .rel.iplt      0x000000000800033c        0x0 /tmp/cc7rtzK1.o

.rodata
 *(.rodata*)

.data           0x0000000020000000        0x0 load address 0x000000000800033c
                0x0000000020000000                _sdata = .
 *(.first_data)
 *(.data SORT_BY_NAME(.data.*))
                0x0000000020000000                _edata = .
                0x000000000800033c                _sidata = LOADADDR (.data)

.igot.plt       0x0000000020000000        0x0 load address 0x000000000800033c
 .igot.plt      0x0000000020000000        0x0 /tmp/cc7rtzK1.o

.bss            0x0000000020000000        0x4 load address 0x000000000800033c
                0x0000000020000000                _sbss = .
 *(.bss SORT_BY_NAME(.bss.*) COMMON)
 .bss.system_tick
                0x0000000020000000        0x4 /tmp/ccEpq7pY.o
                0x0000000020000000                system_tick
                0x0000000020000004                _ebss = .
                0x0000000020000008                . = ALIGN (0x8)
                0x0000000020000008                _end = .
OUTPUT(build/firmware.elf elf32-littlearm)
LOAD linker stubs

.debug_info     0x0000000000000000      0x34e
 .debug_info    0x0000000000000000       0xce /tmp/cc7rtzK1.o
 .debug_info    0x00000000000000ce      0x162 /tmp/ccCuAKpV.o
 .debug_info    0x0000000000000230      0x11e /tmp/ccEpq7pY.o

.debug_abbrev   0x0000000000000000      0x20f
 .debug_abbrev  0x0000000000000000       0x63 /tmp/cc7rtzK1.o
 .debug_abbrev  0x0000000000000063       0xcf /tmp/ccCuAKpV.o
 .debug_abbrev  0x0000000000000132       0xdd /tmp/ccEpq7pY.o

.debug_aranges  0x0000000000000000       0x90
 .debug_aranges
                0x0000000000000000       0x40 /tmp/cc7rtzK1.o
 .debug_aranges
                0x0000000000000040       0x20 /tmp/ccCuAKpV.o
 .debug_aranges
                0x0000000000000060       0x30 /tmp/ccEpq7pY.o

.debug_ranges   0x0000000000000000       0x60
 .debug_ranges  0x0000000000000000       0x30 /tmp/cc7rtzK1.o
 .debug_ranges  0x0000000000000030       0x10 /tmp/ccCuAKpV.o
 .debug_ranges  0x0000000000000040       0x20 /tmp/ccEpq7pY.o

.debug_macro    0x0000000000000000     0x1127
 .debug_macro   0x0000000000000000      0x148 /tmp/cc7rtzK1.o
 .debug_macro   0x0000000000000148      0xa6c /tmp/cc7rtzK1.o
 .debug_macro   0x0000000000000bb4       0x22 /tmp/cc7rtzK1.o
 .debug_macro   0x0000000000000bd6       0x8e /tmp/cc7rtzK1.o
 .debug_macro   0x0000000000000c64       0x51 /tmp/cc7rtzK1.o
 .debug_macro   0x0000000000000cb5      0x103 /tmp/cc7rtzK1.o
 .debug_macro   0x0000000000000db8       0x6a /tmp/cc7rtzK1.o
 .debug_macro   0x0000000000000e22      0x1df /tmp/cc7rtzK1.o
 .debug_macro   0x0000000000001001       0x22 /tmp/cc7rtzK1.o
 .debug_macro   0x0000000000001023       0x6d /tmp/ccCuAKpV.o
 .debug_macro   0x0000000000001090       0x97 /tmp/ccEpq7pY.o

.debug_line     0x0000000000000000      0x72b
 .debug_line    0x0000000000000000      0x2a0 /tmp/cc7rtzK1.o
 .debug_line    0x00000000000002a0      0x23a /tmp/ccCuAKpV.o
 .debug_line    0x00000000000004da      0x251 /tmp/ccEpq7pY.o

.debug_str      0x0000000000000000     0x4310
 .debug_str     0x0000000000000000     0x416d /tmp/cc7rtzK1.o
                                       0x42c8 (size before relaxing)
 .debug_str     0x000000000000416d       0x4d /tmp/ccCuAKpV.o
                                       0x3c17 (size before relaxing)
 .debug_str     0x00000000000041ba      0x156 /tmp/ccEpq7pY.o
                                       0x3d2b (size before relaxing)

.comment        0x0000000000000000       0x49
 .comment       0x0000000000000000       0x49 /tmp/cc7rtzK1.o
                                         0x4a (size before relaxing)
 .comment       0x0000000000000049       0x4a /tmp/ccCuAKpV.o
 .comment       0x0000000000000049       0x4a /tmp/ccEpq7pY.o

.ARM.attributes
                0x0000000000000000       0x34
 .ARM.attributes
                0x0000000000000000       0x34 /tmp/cc7rtzK1.o
 .ARM.attributes
                0x0000000000000034       0x34 /tmp/ccCuAKpV.o
 .ARM.attributes
                0x0000000000000068       0x34 /tmp/ccEpq7pY.o

.debug_frame    0x0000000000000000      0x14c
 .debug_frame   0x0000000000000000       0xac /tmp/cc7rtzK1.o
 .debug_frame   0x00000000000000ac       0x20 /tmp/ccCuAKpV.o
 .debug_frame   0x00000000000000cc       0x80 /tmp/ccEpq7pY.o
